./doc/tSkeleton.txt
./etc/tSkeleton.lst
./plugin/EncodeURL.vim
./plugin/tSkeleton.vim
./skeletons/bits.samples/bib/@article
./skeletons/bits.samples/bib/@book
./skeletons/bits.samples/bib/@booklet
./skeletons/bits.samples/bib/@book_collection
./skeletons/bits.samples/bib/@conference
./skeletons/bits.samples/bib/@inbook
./skeletons/bits.samples/bib/@incollection
./skeletons/bits.samples/bib/@inproceedings
./skeletons/bits.samples/bib/@manual
./skeletons/bits.samples/bib/@masterthesis
./skeletons/bits.samples/bib/@misc
./skeletons/bits.samples/bib/@phdthesis
./skeletons/bits.samples/bib/@proceedings
./skeletons/bits.samples/bib/@techreport
./skeletons/bits.samples/bib/@unpublished
./skeletons/bits.samples/bib/Fields.abstract
./skeletons/bits.samples/bib/Fields.address
./skeletons/bits.samples/bib/Fields.annote
./skeletons/bits.samples/bib/Fields.author
./skeletons/bits.samples/bib/Fields.booktitle
./skeletons/bits.samples/bib/Fields.chapter
./skeletons/bits.samples/bib/Fields.crossref
./skeletons/bits.samples/bib/Fields.edition
./skeletons/bits.samples/bib/Fields.editor
./skeletons/bits.samples/bib/Fields.howpublished
./skeletons/bits.samples/bib/Fields.institution
./skeletons/bits.samples/bib/Fields.journal
./skeletons/bits.samples/bib/Fields.key
./skeletons/bits.samples/bib/Fields.keywords
./skeletons/bits.samples/bib/Fields.month
./skeletons/bits.samples/bib/Fields.note
./skeletons/bits.samples/bib/Fields.number
./skeletons/bits.samples/bib/Fields.organization
./skeletons/bits.samples/bib/Fields.pages
./skeletons/bits.samples/bib/Fields.publisher
./skeletons/bits.samples/bib/Fields.school
./skeletons/bits.samples/bib/Fields.series
./skeletons/bits.samples/bib/Fields.standardEntries
./skeletons/bits.samples/bib/Fields.title
./skeletons/bits.samples/bib/Fields.type
./skeletons/bits.samples/bib/Fields.url
./skeletons/bits.samples/bib/Fields.volume
./skeletons/bits.samples/bib/Fields.year
./skeletons/bits.samples/css/background
./skeletons/bits.samples/css/border-bottom
./skeletons/bits.samples/css/border-left
./skeletons/bits.samples/css/border-right
./skeletons/bits.samples/css/border-spacing
./skeletons/bits.samples/css/border-top
./skeletons/bits.samples/css/entry
./skeletons/bits.samples/css/font-size
./skeletons/bits.samples/css/text-align
./skeletons/bits.samples/general/%3C%3C
./skeletons/bits.samples/general/date
./skeletons/bits.samples/general/header
./skeletons/bits.samples/general/localvariables
./skeletons/bits.samples/general/test_tSkeleton
./skeletons/bits.samples/general/time
./skeletons/bits.samples/general/vi
./skeletons/bits.samples/html/&a.&href
./skeletons/bits.samples/html/&attribute.action=
./skeletons/bits.samples/html/&attribute.method=
./skeletons/bits.samples/html/&attribute.name=
./skeletons/bits.samples/html/&form.%3C&form
./skeletons/bits.samples/html/&form.&checkbox
./skeletons/bits.samples/html/&form.&clickbutton
./skeletons/bits.samples/html/&form.&option
./skeletons/bits.samples/html/&form.&radio
./skeletons/bits.samples/html/&form.&reset
./skeletons/bits.samples/html/&form.&select
./skeletons/bits.samples/html/&form.&submit
./skeletons/bits.samples/html/&form.&text
./skeletons/bits.samples/html/&head.html&401
./skeletons/bits.samples/html/tag
./skeletons/bits.samples/html.txt
./skeletons/bits.samples/php/@.@&param
./skeletons/bits.samples/php/@.@&return
./skeletons/bits.samples/php/case
./skeletons/bits.samples/php/class
./skeletons/bits.samples/php/define
./skeletons/bits.samples/php/dowhile
./skeletons/bits.samples/php/elseif
./skeletons/bits.samples/php/for
./skeletons/bits.samples/php/for-
./skeletons/bits.samples/php/foreach
./skeletons/bits.samples/php/foreach_assoc
./skeletons/bits.samples/php/function
./skeletons/bits.samples/php/ifelse
./skeletons/bits.samples/php/php
./skeletons/bits.samples/php/preg_replace
./skeletons/bits.samples/php/switch
./skeletons/bits.samples/php/var
./skeletons/bits.samples/php/var_export
./skeletons/bits.samples/php/while
./skeletons/bits.samples/r/function
./skeletons/bits.samples/ruby/&begin.&begin
./skeletons/bits.samples/ruby/&begin.begin_&ensure
./skeletons/bits.samples/ruby/&begin.begin_&rescue
./skeletons/bits.samples/ruby/&begin.begin_&while
./skeletons/bits.samples/ruby/case
./skeletons/bits.samples/ruby/catch
./skeletons/bits.samples/ruby/class
./skeletons/bits.samples/ruby/collect.&collect
./skeletons/bits.samples/ruby/collect.collect_&do
./skeletons/bits.samples/ruby/def
./skeletons/bits.samples/ruby/each.&each
./skeletons/bits.samples/ruby/each.each_&do
./skeletons/bits.samples/ruby/ensure
./skeletons/bits.samples/ruby/for
./skeletons/bits.samples/ruby/if
./skeletons/bits.samples/ruby/module.module
./skeletons/bits.samples/ruby/module.wrapper
./skeletons/bits.samples/ruby/rescue
./skeletons/bits.samples/ruby/shebang
./skeletons/bits.samples/ruby/until
./skeletons/bits.samples/ruby/when
./skeletons/bits.samples/ruby/while
./skeletons/bits.samples/sh/$%28
./skeletons/bits.samples/sh/$%7B.$%7B
./skeletons/bits.samples/sh/$%7B.var_default
./skeletons/bits.samples/sh/$%7B.var_length
./skeletons/bits.samples/sh/$%7B.var_substitute
./skeletons/bits.samples/sh/$%7B.var_substitute_all
./skeletons/bits.samples/sh/$%7B.var_substring
./skeletons/bits.samples/sh/%28%28
./skeletons/bits.samples/sh/alias
./skeletons/bits.samples/sh/case
./skeletons/bits.samples/sh/for
./skeletons/bits.samples/sh/for%28%28
./skeletons/bits.samples/sh/function
./skeletons/bits.samples/sh/if
./skeletons/bits.samples/sh/if[
./skeletons/bits.samples/sh/local
./skeletons/bits.samples/sh/until
./skeletons/bits.samples/sh/until[
./skeletons/bits.samples/sh/while
./skeletons/bits.samples/sh/while[
./skeletons/bits.samples/sh/[
./skeletons/bits.samples/sh/[[
./skeletons/bits.samples/tex/%5Cfootnote
./skeletons/bits.samples/tex/%5Citem
./skeletons/bits.samples/tex/%5Citem[]
./skeletons/bits.samples/tex/%5Clabel
./skeletons/bits.samples/tex/%5Cmulticolumn
./skeletons/bits.samples/tex/%5Cparagraph
./skeletons/bits.samples/tex/%5Csection
./skeletons/bits.samples/tex/%5Csub&paragraph
./skeletons/bits.samples/tex/%5Csubsection
./skeletons/bits.samples/tex/%5Csubsubsection
./skeletons/bits.samples/tex/%5Cusepackage
./skeletons/bits.samples/tex/&begin.%5C&begin
./skeletons/bits.samples/tex/&begin.&description
./skeletons/bits.samples/tex/&begin.&enumerate
./skeletons/bits.samples/tex/&begin.&figure
./skeletons/bits.samples/tex/&begin.&itemize
./skeletons/bits.samples/tex/&begin.&quotation
./skeletons/bits.samples/tex/&begin.&quote
./skeletons/bits.samples/tex/&begin.&table
./skeletons/bits.samples/tex/&begin.&verbatim
./skeletons/bits.samples/tex/&begin.tabu&lar
./skeletons/bits.samples/tskeleton/tskel_after
./skeletons/bits.samples/tskeleton/tskel_before
./skeletons/bits.samples/tskeleton/tskel_here_after
./skeletons/bits.samples/tskeleton/tskel_here_before
./skeletons/bits.samples/viki/Command.%23&ABBREV
./skeletons/bits.samples/viki/Command.%23&AUTHOR
./skeletons/bits.samples/viki/Command.%23&AUTHORNOTE
./skeletons/bits.samples/viki/Command.%23&AUTOIDX
./skeletons/bits.samples/viki/Command.%23&BIB
./skeletons/bits.samples/viki/Command.%23&CAPTION
./skeletons/bits.samples/viki/Command.%23&DONTIDX
./skeletons/bits.samples/viki/Command.%23&ELSE
./skeletons/bits.samples/viki/Command.%23&ELSEIF
./skeletons/bits.samples/viki/Command.%23&GET
./skeletons/bits.samples/viki/Command.%23&IDX
./skeletons/bits.samples/viki/Command.%23&IF
./skeletons/bits.samples/viki/Command.%23&IMG
./skeletons/bits.samples/viki/Command.%23&INCLUDE
./skeletons/bits.samples/viki/Command.%23&LANG
./skeletons/bits.samples/viki/Command.%23&LIST
./skeletons/bits.samples/viki/Command.%23&MAKEBIB
./skeletons/bits.samples/viki/Command.%23&MAKETITLE
./skeletons/bits.samples/viki/Command.%23&MODULE
./skeletons/bits.samples/viki/Command.%23&NOIDX
./skeletons/bits.samples/viki/Command.%23&OPT
./skeletons/bits.samples/viki/Command.%23&PAGE
./skeletons/bits.samples/viki/Command.%23&SET
./skeletons/bits.samples/viki/Command.%23&TABLE
./skeletons/bits.samples/viki/Command.%23&TITLE
./skeletons/bits.samples/viki/Command.%23&VAL
./skeletons/bits.samples/viki/Command.%23&VAR
./skeletons/bits.samples/viki/Command.%23&WITH
./skeletons/bits.samples/viki/Command.%23&XVAL
./skeletons/bits.samples/viki/Element.Break
./skeletons/bits.samples/viki/Heading.h&1
./skeletons/bits.samples/viki/Heading.h&2
./skeletons/bits.samples/viki/Heading.h&3
./skeletons/bits.samples/viki/Heading.h&4
./skeletons/bits.samples/viki/Heading.h&5
./skeletons/bits.samples/viki/Heading.h&6
./skeletons/bits.samples/viki/Heading.h&7
./skeletons/bits.samples/viki/Heading.h&8
./skeletons/bits.samples/viki/Heading.h&9
./skeletons/bits.samples/viki/List.Description
./skeletons/bits.samples/viki/List.Ordered
./skeletons/bits.samples/viki/List.OrderedAlpha
./skeletons/bits.samples/viki/List.Unordered
./skeletons/bits.samples/viki/Macro.%7Banchor
./skeletons/bits.samples/viki/Macro.%7Battrib
./skeletons/bits.samples/viki/Macro.%7Bcite
./skeletons/bits.samples/viki/Macro.%7Bcmt
./skeletons/bits.samples/viki/Macro.%7Bcode
./skeletons/bits.samples/viki/Macro.%7Bdate
./skeletons/bits.samples/viki/Macro.%7Bdoc
./skeletons/bits.samples/viki/Macro.%7Bem
./skeletons/bits.samples/viki/Macro.%7Bfn
./skeletons/bits.samples/viki/Macro.%7Bget
./skeletons/bits.samples/viki/Macro.%7Bidx
./skeletons/bits.samples/viki/Macro.%7Bimg
./skeletons/bits.samples/viki/Macro.%7Bins
./skeletons/bits.samples/viki/Macro.%7Bitem
./skeletons/bits.samples/viki/Macro.%7Blist
./skeletons/bits.samples/viki/Macro.%7Bltx
./skeletons/bits.samples/viki/Macro.%7Bmath
./skeletons/bits.samples/viki/Macro.%7Bnl
./skeletons/bits.samples/viki/Macro.%7Bopt
./skeletons/bits.samples/viki/Macro.%7Bpagenumber
./skeletons/bits.samples/viki/Macro.%7Bplain
./skeletons/bits.samples/viki/Macro.%7Bref
./skeletons/bits.samples/viki/Macro.%7Bruby
./skeletons/bits.samples/viki/Macro.%7Bstacked
./skeletons/bits.samples/viki/Macro.%7Bsub
./skeletons/bits.samples/viki/Macro.%7Bsuper
./skeletons/bits.samples/viki/Macro.%7Bterm
./skeletons/bits.samples/viki/Macro.%7Btext
./skeletons/bits.samples/viki/Macro.%7Bval
./skeletons/bits.samples/viki/Macro.%7Bxval
./skeletons/bits.samples/viki/Note.Attention
./skeletons/bits.samples/viki/Note.Discuss
./skeletons/bits.samples/viki/Note.Elaborate
./skeletons/bits.samples/viki/Note.Here
./skeletons/bits.samples/viki/Option.!=
./skeletons/bits.samples/viki/Option.!=~
./skeletons/bits.samples/viki/Option.==
./skeletons/bits.samples/viki/Option.=~
./skeletons/bits.samples/viki/Option.context=
./skeletons/bits.samples/viki/Option.fmt!=
./skeletons/bits.samples/viki/Option.fmt!=~
./skeletons/bits.samples/viki/Option.fmt=
./skeletons/bits.samples/viki/Option.fmt==
./skeletons/bits.samples/viki/Option.fmt=~
./skeletons/bits.samples/viki/Option.id=
./skeletons/bits.samples/viki/Option.if!=
./skeletons/bits.samples/viki/Option.if!=~
./skeletons/bits.samples/viki/Option.if==
./skeletons/bits.samples/viki/Option.if=~
./skeletons/bits.samples/viki/Region.%23&Abstract
./skeletons/bits.samples/viki/Region.%23&Code
./skeletons/bits.samples/viki/Region.%23&Footer
./skeletons/bits.samples/viki/Region.%23&Footnote
./skeletons/bits.samples/viki/Region.%23&Header
./skeletons/bits.samples/viki/Region.%23&Img
./skeletons/bits.samples/viki/Region.%23&Ltx
./skeletons/bits.samples/viki/Region.%23&Native
./skeletons/bits.samples/viki/Region.%23&Quote
./skeletons/bits.samples/viki/Region.%23&Ruby
./skeletons/bits.samples/viki/Region.%23&Set
./skeletons/bits.samples/viki/Region.%23&Verb
./skeletons/bits.samples/viki/Region.%23Def&Element
./skeletons/bits.samples/viki/Region.%23Def&Particle
./skeletons/bits.samples/viki/Style.emphasize
./skeletons/bits.samples/viki/Style.typewriter
./skeletons/bits.samples/viki/Symbol.%3C-
./skeletons/bits.samples/viki/Symbol.%3C-%3E
./skeletons/bits.samples/viki/Symbol.%3C=
./skeletons/bits.samples/viki/Symbol.%3C=%3E
./skeletons/bits.samples/viki/Symbol.%3C~
./skeletons/bits.samples/viki/Symbol.%3C~%3E
./skeletons/bits.samples/viki/Symbol.%7E%7E
./skeletons/bits.samples/viki/Symbol.-%3E
./skeletons/bits.samples/viki/Symbol.=%3E
./skeletons/bits.samples/viki/Symbol.~%3E
./skeletons/bits.samples/viki/table
./skeletons/bits.samples/viki/Vim.bibref
./skeletons/bits.samples/viki/Vim.disableType
./skeletons/bits.samples/viki/Vim.noCamelCaseNames
./skeletons/bits.samples/viki/Vim.title
./skeletons/bits.samples/viki/Wiki.Extended
./skeletons/bits.samples/viki/Wiki.ExtendedLiteral
./skeletons/bits.samples/viki/Wiki.ExtendedName
./skeletons/bits.samples/viki/Wiki.ExtendedNameLiteral
./skeletons/bits.samples/viki/Wiki.Quoted
./skeletons/bits.samples/vim/function
./skeletons/bits.samples/vim/if
./skeletons/bits.samples/vim/ifelse
./skeletons/bits.samples/vim/try
./skeletons/bits.samples/vim/while
./skeletons/bits.samples/websec/entry
./skeletons/map.samples/html
./skeletons/map.samples/viki
./skeletons/prefab/batch.bat
./skeletons/prefab/latex.tex
./skeletons/prefab/php.class.php
./skeletons/prefab/php.inc.php
./skeletons/prefab/php.php
./skeletons/prefab/plugin.vim
./skeletons/prefab/ruby.rb
./skeletons/prefab/shell.sh
./skeletons/prefab/text.txt
./syntax/tskeleton.vim
